\BOOKMARK [1][-]{section.1}{\376\377\000R\000o\000a\000d\000m\000a\000p\000\040\000V\000i\000s\000u\000a\000l\000\040\040\024\000\040\000C\000a\000m\000i\000n\000h\000o\000\040\000p\000a\000r\000a\000\040\000B\0001}{}% 1
\BOOKMARK [1][-]{section.2}{\376\377\000P\000r\000o\000g\000r\000e\000s\000s\000\343\000o\000\040\000d\000e\000\040\000H\000o\000r\000a\000s\000\040\000I\000n\000v\000e\000s\000t\000i\000d\000a\000s}{}% 2
\BOOKMARK [1][-]{section.3}{\376\377\000E\000s\000t\000r\000u\000t\000u\000r\000a\000\040\000G\000r\000a\000m\000a\000t\000i\000c\000a\000l\000\040\000F\000r\000a\000n\000c\000e\000s\000a\000\040\040\024\000\040\000V\000i\000s\000\343\000o\000\040\000G\000e\000r\000a\000l}{}% 3
\BOOKMARK [2][-]{subsection.3.1}{\376\377\000P\000a\000r\000t\000e\000s\000\040\000d\000o\000\040\000D\000i\000s\000c\000u\000r\000s\000o\000\040\000\050\000P\000a\000r\000t\000s\000\040\000o\000f\000\040\000S\000p\000e\000e\000c\000h\000\051}{section.3}% 4
\BOOKMARK [3][-]{subsubsection.3.1.1}{\376\377\000S\000u\000b\000s\000t\000a\000n\000t\000i\000v\000o\000s\000\040\000\050\000N\000o\000m\000s\000\051}{subsection.3.1}% 5
\BOOKMARK [3][-]{subsubsection.3.1.2}{\376\377\000A\000r\000t\000i\000g\000o\000s\000\040\000\050\000A\000r\000t\000i\000c\000l\000e\000s\000\051}{subsection.3.1}% 6
\BOOKMARK [3][-]{subsubsection.3.1.3}{\376\377\000A\000d\000j\000e\000t\000i\000v\000o\000s\000\040\000\050\000A\000d\000j\000e\000c\000t\000i\000f\000s\000\051}{subsection.3.1}% 7
\BOOKMARK [3][-]{subsubsection.3.1.4}{\376\377\000V\000e\000r\000b\000o\000s\000\040\000\050\000V\000e\000r\000b\000e\000s\000\051}{subsection.3.1}% 8
\BOOKMARK [3][-]{subsubsection.3.1.5}{\376\377\000P\000r\000o\000n\000o\000m\000e\000s\000\040\000\050\000P\000r\000o\000n\000o\000m\000s\000\051}{subsection.3.1}% 9
\BOOKMARK [2][-]{subsection.3.2}{\376\377\000T\000e\000m\000p\000o\000s\000\040\000V\000e\000r\000b\000a\000i\000s\000\040\000E\000s\000s\000e\000n\000c\000i\000a\000i\000s}{section.3}% 10
\BOOKMARK [3][-]{subsubsection.3.2.1}{\376\377\000P\000R\000\311\000S\000E\000N\000T\000\040\000\050\000P\000r\000e\000s\000e\000n\000t\000e\000\051}{subsection.3.2}% 11
\BOOKMARK [3][-]{subsubsection.3.2.2}{\376\377\000P\000A\000S\000S\000\311\000\040\000C\000O\000M\000P\000O\000S\000\311\000\040\000\050\000P\000e\000r\000f\000e\000i\000t\000o\000\051}{subsection.3.2}% 12
\BOOKMARK [3][-]{subsubsection.3.2.3}{\376\377\000I\000M\000P\000A\000R\000F\000A\000I\000T\000\040\000\050\000P\000r\000e\000t\000\351\000r\000i\000t\000o\000\040\000I\000m\000p\000e\000r\000f\000e\000i\000t\000o\000\051}{subsection.3.2}% 13
\BOOKMARK [3][-]{subsubsection.3.2.4}{\376\377\000F\000U\000T\000U\000R\000\040\000S\000I\000M\000P\000L\000E\000\040\000\050\000F\000u\000t\000u\000r\000o\000\040\000S\000i\000m\000p\000l\000e\000s\000\051}{subsection.3.2}% 14
\BOOKMARK [3][-]{subsubsection.3.2.5}{\376\377\000C\000O\000N\000D\000I\000T\000I\000O\000N\000N\000E\000L\000\040\000\050\000C\000o\000n\000d\000i\000c\000i\000o\000n\000a\000l\000\051}{subsection.3.2}% 15
\BOOKMARK [3][-]{subsubsection.3.2.6}{\376\377\000S\000U\000B\000J\000O\000N\000C\000T\000I\000F\000\040\000\050\000S\000u\000b\000j\000u\000n\000t\000i\000v\000o\000\051}{subsection.3.2}% 16
\BOOKMARK [2][-]{subsection.3.3}{\376\377\000E\000s\000t\000r\000u\000t\000u\000r\000a\000\040\000d\000a\000\040\000F\000r\000a\000s\000e}{section.3}% 17
\BOOKMARK [3][-]{subsubsection.3.3.1}{\376\377\000O\000r\000d\000e\000m\000\040\000d\000a\000s\000\040\000P\000a\000l\000a\000v\000r\000a\000s}{subsection.3.3}% 18
\BOOKMARK [3][-]{subsubsection.3.3.2}{\376\377\000N\000e\000g\000a\000\347\000\343\000o}{subsection.3.3}% 19
\BOOKMARK [3][-]{subsubsection.3.3.3}{\376\377\000P\000a\000l\000a\000v\000r\000a\000s\000\040\000I\000n\000t\000e\000r\000r\000o\000g\000a\000t\000i\000v\000a\000s}{subsection.3.3}% 20
\BOOKMARK [2][-]{subsection.3.4}{\376\377\000C\000o\000n\000c\000o\000r\000d\000\342\000n\000c\000i\000a\000\040\000d\000e\000\040\000G\000\352\000n\000e\000r\000o\000\040\000e\000\040\000N\000\372\000m\000e\000r\000o}{section.3}% 21
\BOOKMARK [2][-]{subsection.3.5}{\376\377\000P\000r\000e\000p\000o\000s\000i\000\347\000\365\000e\000s\000\040\000\050\000P\000r\000\351\000p\000o\000s\000i\000t\000i\000o\000n\000s\000\051}{section.3}% 22
\BOOKMARK [1][-]{section.4}{\376\377\000P\000l\000a\000n\000o\000\040\000d\000e\000\040\000A\000u\000l\000a\000s\000\040\000D\000e\000t\000a\000l\000h\000a\000d\000o\000\040\000S\000e\000m\000a\000n\000a\000\040\000a\000\040\000S\000e\000m\000a\000n\000a\000\040\000\050\0001\0006\000\040\000S\000e\000m\000a\000n\000a\000s\000\051}{}% 23
\BOOKMARK [2][-]{subsection.4.1}{\376\377\000M\000\352\000s\000\040\0001\000:\000\040\000P\000r\000\351\000s\000e\000n\000t\000\040\000\050\000S\000e\000m\000a\000n\000a\000s\000\040\0001\040\023\0004\000\051}{section.4}% 24
\BOOKMARK [2][-]{subsection.4.2}{\376\377\000M\000\352\000s\000\040\0002\000:\000\040\000P\000a\000s\000s\000a\000d\000o\000\040\000\050\000S\000e\000m\000a\000n\000a\000s\000\040\0005\040\023\0008\000\051}{section.4}% 25
\BOOKMARK [2][-]{subsection.4.3}{\376\377\000M\000\352\000s\000\040\0003\000:\000\040\000F\000u\000t\000u\000r\000o\000,\000\040\000C\000o\000n\000d\000i\000c\000i\000o\000n\000a\000l\000\040\000e\000\040\000S\000u\000b\000j\000u\000n\000t\000i\000v\000o\000\040\000\050\000S\000e\000m\000a\000n\000a\000s\000\040\0009\040\023\0001\0002\000\051}{section.4}% 26
\BOOKMARK [2][-]{subsection.4.4}{\376\377\000M\000\352\000s\000\040\0004\000:\000\040\000C\000o\000n\000s\000o\000l\000i\000d\000a\000\347\000\343\000o\000\040\000B\0001\000\040\000\050\000S\000e\000m\000a\000n\000a\000s\000\040\0001\0003\040\023\0001\0006\000\051}{section.4}% 27
\BOOKMARK [1][-]{section.5}{\376\377\000P\000r\000o\000g\000r\000a\000m\000a\000\040\000E\000s\000t\000r\000u\000t\000u\000r\000a\000d\000o\000\040\000d\000e\000\040\0004\000\040\000S\000e\000m\000a\000n\000a\000s\000\040\000\050\000I\000n\000t\000e\000n\000s\000i\000v\000o\000\051}{}% 28
\BOOKMARK [2][-]{subsection.5.1}{\376\377\000S\000e\000m\000a\000n\000a\000\040\0001\000:\000\040\000F\000u\000n\000d\000a\000\347\000\365\000e\000s}{section.5}% 29
\BOOKMARK [2][-]{subsection.5.2}{\376\377\000S\000e\000m\000a\000n\000a\000\040\0002\000:\000\040\000C\000o\000m\000u\000n\000i\000c\000a\000\347\000\343\000o\000\040\000E\000s\000s\000e\000n\000c\000i\000a\000l}{section.5}% 30
\BOOKMARK [2][-]{subsection.5.3}{\376\377\000S\000e\000m\000a\000n\000a\000\040\0003\000:\000\040\000G\000r\000a\000m\000\341\000t\000i\000c\000a\000\040\000e\000\040\000A\000d\000j\000e\000t\000i\000v\000o\000s}{section.5}% 31
\BOOKMARK [2][-]{subsection.5.4}{\376\377\000S\000e\000m\000a\000n\000a\000\040\0004\000:\000\040\000I\000n\000t\000e\000g\000r\000a\000\347\000\343\000o\000\040\000e\000\040\000F\000l\000u\000\352\000n\000c\000i\000a}{section.5}% 32
\BOOKMARK [1][-]{section.6}{\376\377\000O\000s\000\040\0001\0000\0000\000\040\000V\000e\000r\000b\000o\000s\000\040\000M\000a\000i\000s\000\040\000U\000s\000a\000d\000o\000s\000\040\000e\000m\000\040\000F\000r\000a\000n\000c\000\352\000s}{}% 33
\BOOKMARK [1][-]{section.7}{\376\377\000O\000s\000\040\0001\0000\0000\000\040\000V\000e\000r\000b\000o\000s\000\040\000M\000a\000i\000s\000\040\000U\000s\000a\000d\000o\000s\000\040\040\024\000\040\000Q\000u\000i\000c\000k\000\040\000R\000e\000f\000e\000r\000e\000n\000c\000e}{}% 34
\BOOKMARK [1][-]{section.8}{\376\377\000A\000s\000\040\0001\0000\0000\000\040\000P\000a\000l\000a\000v\000r\000a\000s\000\040\000M\000a\000i\000s\000\040\000U\000s\000a\000d\000a\000s\000\040\000e\000m\000\040\000F\000r\000a\000n\000c\000\352\000s}{}% 35
\BOOKMARK [2][-]{subsection.8.1}{\376\377\000V\000e\000r\000b\000o\000s\000\040\000e\000\040\000P\000a\000l\000a\000v\000r\000a\000s\000\040\000E\000s\000s\000e\000n\000c\000i\000a\000i\000s\000\040\000\050\0001\000-\0005\0000\000\051}{section.8}% 36
\BOOKMARK [2][-]{subsection.8.2}{\376\377\000S\000u\000b\000s\000t\000a\000n\000t\000i\000v\000o\000s\000\040\000e\000\040\000D\000e\000s\000c\000r\000i\000t\000o\000r\000e\000s\000\040\000C\000o\000m\000u\000n\000s\000\040\000\050\0005\0001\000-\0001\0000\0000\000\051}{section.8}% 37
\BOOKMARK [1][-]{section.9}{\376\377\000E\000x\000e\000r\000c\000\355\000c\000i\000o\000s\000\040\000D\000i\000\341\000r\000i\000o\000s\000\040\000d\000e\000\040\000P\000r\000\341\000t\000i\000c\000a}{}% 38
\BOOKMARK [2][-]{subsection.9.1}{\376\377\000C\000o\000n\000j\000u\000n\000t\000o\000\040\0003\000:\000\040\000C\000o\000n\000j\000u\000g\000a\000\347\000\343\000o\000\040\000d\000e\000\040\000A\000v\000o\000i\000r}{section.9}% 39
\BOOKMARK [2][-]{subsection.9.2}{\376\377\000C\000o\000n\000j\000u\000n\000t\000o\000\040\0004\000:\000\040\000A\000r\000t\000i\000g\000o\000s\000\040\000\050\000l\000e\000,\000\040\000l\000a\000,\000\040\000l\000e\000s\000\051}{section.9}% 40
\BOOKMARK [2][-]{subsection.9.3}{\376\377\000C\000o\000n\000j\000u\000n\000t\000o\000\040\0005\000:\000\040\000T\000r\000a\000d\000u\000\347\000\343\000o}{section.9}% 41
\BOOKMARK [2][-]{subsection.9.4}{\376\377\000D\000r\000i\000l\000l\000\040\0001\000:\000\040\000V\000e\000r\000b\000o\000s\000\040\000R\000e\000g\000u\000l\000a\000r\000e\000s\000\040\000-\000E\000R}{section.9}% 42
\BOOKMARK [2][-]{subsection.9.5}{\376\377\000D\000r\000i\000l\000l\000\040\0002\000:\000\040\000C\000o\000n\000c\000o\000r\000d\000\342\000n\000c\000i\000a\000\040\000d\000e\000\040\000A\000d\000j\000e\000t\000i\000v\000o\000s}{section.9}% 43
\BOOKMARK [2][-]{subsection.9.6}{\376\377\000D\000r\000i\000l\000l\000\040\0003\000:\000\040\000N\000e\000g\000a\000\347\000\343\000o\000\040\000\050\000N\000e\000.\000.\000.\000P\000a\000s\000\051}{section.9}% 44
\BOOKMARK [2][-]{subsection.9.7}{\376\377\000D\000r\000i\000l\000l\000\040\0004\000:\000\040\000F\000o\000r\000m\000a\000\347\000\343\000o\000\040\000d\000e\000\040\000P\000e\000r\000g\000u\000n\000t\000a\000s}{section.9}% 45
\BOOKMARK [2][-]{subsection.9.8}{\376\377\000D\000r\000i\000l\000l\000\040\0005\000:\000\040\000C\000o\000n\000t\000r\000a\000\347\000\365\000e\000s}{section.9}% 46
\BOOKMARK [1][-]{section.10}{\376\377\000C\000o\000n\000s\000t\000r\000u\000\347\000\343\000o\000\040\000d\000e\000\040\000V\000o\000c\000a\000b\000u\000l\000\341\000r\000i\000o\000\040\000p\000o\000r\000\040\000T\000e\000m\000a}{}% 47
\BOOKMARK [2][-]{subsection.10.1}{\376\377\000T\000e\000m\000a\000\040\0001\000:\000\040\000C\000o\000m\000i\000d\000a\000\040\000\050\000N\000o\000u\000r\000r\000i\000t\000u\000r\000e\000\051}{section.10}% 48
\BOOKMARK [2][-]{subsection.10.2}{\376\377\000T\000e\000m\000a\000\040\0002\000:\000\040\000F\000a\000m\000\355\000l\000i\000a\000\040\000\050\000F\000a\000m\000i\000l\000l\000e\000\051}{section.10}% 49
\BOOKMARK [2][-]{subsection.10.3}{\376\377\000T\000e\000m\000a\000\040\0003\000:\000\040\000C\000a\000s\000a\000\040\000\050\000P\000i\000\350\000c\000e\000s\000\051}{section.10}% 50
\BOOKMARK [2][-]{subsection.10.4}{\376\377\000T\000e\000m\000a\000\040\0004\000:\000\040\000R\000o\000u\000p\000a\000\040\000\050\000V\000\352\000t\000e\000m\000e\000n\000t\000s\000\051}{section.10}% 51
\BOOKMARK [1][-]{section.11}{\376\377\000P\000r\000\341\000t\000i\000c\000a\000\040\000d\000e\000\040\000C\000o\000n\000v\000e\000r\000s\000a\000\347\000\343\000o}{}% 52
\BOOKMARK [2][-]{subsection.11.1}{\376\377\000C\000e\000n\000\341\000r\000i\000o\000\040\0001\000:\000\040\000E\000n\000c\000o\000n\000t\000r\000o}{section.11}% 53
\BOOKMARK [2][-]{subsection.11.2}{\376\377\000C\000e\000n\000\341\000r\000i\000o\000\040\0002\000:\000\040\000C\000a\000f\000\351}{section.11}% 54
\BOOKMARK [2][-]{subsection.11.3}{\376\377\000C\000e\000n\000\341\000r\000i\000o\000\040\0003\000:\000\040\000D\000i\000r\000e\000\347\000\365\000e\000s}{section.11}% 55
\BOOKMARK [1][-]{section.12}{\376\377\000E\000x\000e\000r\000c\000\355\000c\000i\000o\000s\000\040\000d\000e\000\040\000T\000r\000a\000d\000u\000\347\000\343\000o}{}% 56
\BOOKMARK [2][-]{subsection.12.1}{\376\377\000F\000\341\000c\000i\000l}{section.12}% 57
\BOOKMARK [2][-]{subsection.12.2}{\376\377\000M\000\351\000d\000i\000o}{section.12}% 58
\BOOKMARK [2][-]{subsection.12.3}{\376\377\000A\000v\000a\000n\000\347\000a\000d\000o}{section.12}% 59
\BOOKMARK [1][-]{section.13}{\376\377\000N\000o\000t\000a\000s\000\040\000C\000u\000l\000t\000u\000r\000a\000i\000s}{}% 60
\BOOKMARK [2][-]{subsection.13.1}{\376\377\000R\000e\000g\000i\000\365\000e\000s\000\040\000F\000r\000a\000n\000c\000\363\000f\000o\000n\000a\000s}{section.13}% 61
\BOOKMARK [2][-]{subsection.13.2}{\376\377\000E\000t\000i\000q\000u\000e\000t\000a}{section.13}% 62
\BOOKMARK [1][-]{section.14}{\376\377\000D\000i\000c\000a\000s\000\040\000d\000e\000\040\000E\000s\000t\000u\000d\000o}{}% 63
\BOOKMARK [2][-]{subsection.14.1}{\376\377\000M\000\351\000t\000o\000d\000o\000s}{section.14}% 64
\BOOKMARK [2][-]{subsection.14.2}{\376\377\000T\000r\000u\000q\000u\000e\000s\000\040\000d\000e\000\040\000M\000e\000m\000\363\000r\000i\000a}{section.14}% 65
\BOOKMARK [2][-]{subsection.14.3}{\376\377\000E\000r\000r\000o\000s\000\040\000C\000o\000m\000u\000n\000s}{section.14}% 66
\BOOKMARK [2][-]{subsection.14.4}{\376\377\000R\000o\000t\000i\000n\000a\000\040\000D\000i\000\341\000r\000i\000a}{section.14}% 67
\BOOKMARK [2][-]{subsection.14.5}{\376\377\000M\000e\000t\000a\000s\000\040\000S\000e\000m\000a\000n\000a\000i\000s}{section.14}% 68
\BOOKMARK [1][-]{section.15}{\376\377\000A\000v\000a\000l\000i\000a\000\347\000\343\000o\000\040\000d\000e\000\040\000P\000r\000o\000g\000r\000e\000s\000s\000o\000\040\040\024\000\040\000B\000e\000n\000c\000h\000m\000a\000r\000k\000i\000n\000g}{}% 69
\BOOKMARK [2][-]{subsection.15.1}{\376\377\000T\000e\000s\000t\000e\000\040\000I\000n\000i\000c\000i\000a\000l\000\040\000-\000\040\000B\000a\000s\000e\000l\000i\000n\000e\000\040\000\050\000D\000a\000t\000a\000:\000\040\000\137\000\137\000\137\000/\000\137\000\137\000\137\000/\000\137\000\137\000\137\000\051}{section.15}% 70
\BOOKMARK [3][-]{subsubsection.15.1.1}{\376\377\0001\000.\000\040\000V\000o\000c\000a\000b\000u\000l\000\341\000r\000i\000o\000\040\000B\000\341\000s\000i\000c\000o\000\040\000\050\000A\0001\000\051}{subsection.15.1}% 71
\BOOKMARK [3][-]{subsubsection.15.1.2}{\376\377\0002\000.\000\040\000C\000o\000m\000p\000r\000e\000e\000n\000s\000\343\000o\000\040\000\050\000L\000i\000s\000t\000e\000n\000i\000n\000g\000\040\000A\0001\000\051}{subsection.15.1}% 72
\BOOKMARK [3][-]{subsubsection.15.1.3}{\376\377\0003\000.\000\040\000F\000a\000l\000a\000\040\000B\000\341\000s\000i\000c\000a}{subsection.15.1}% 73
\BOOKMARK [3][-]{subsubsection.15.1.4}{\376\377\0004\000.\000\040\000C\000o\000n\000v\000e\000r\000s\000a\000\347\000\343\000o\000\040\000S\000i\000m\000p\000l\000e\000s}{subsection.15.1}% 74
\BOOKMARK [2][-]{subsection.15.2}{\376\377\000P\000r\000o\000g\000r\000e\000s\000s\000\343\000o\000\040\000M\000e\000n\000s\000a\000l}{section.15}% 75
\BOOKMARK [3][-]{subsubsection.15.2.1}{\376\377\000M\000\352\000s\000\040\0001\000\040\000\050\000D\000a\000t\000a\000:\000\040\000\137\000\137\000\137\000/\000\137\000\137\000\137\000/\000\137\000\137\000\137\000\051}{subsection.15.2}% 76
\BOOKMARK [3][-]{subsubsection.15.2.2}{\376\377\000M\000\352\000s\000\040\0002\000\040\000\050\000D\000a\000t\000a\000:\000\040\000\137\000\137\000\137\000/\000\137\000\137\000\137\000/\000\137\000\137\000\137\000\051}{subsection.15.2}% 77
\BOOKMARK [3][-]{subsubsection.15.2.3}{\376\377\000M\000\352\000s\000\040\0003\000\040\000\050\000D\000a\000t\000a\000:\000\040\000\137\000\137\000\137\000/\000\137\000\137\000\137\000/\000\137\000\137\000\137\000\051}{subsection.15.2}% 78
\BOOKMARK [2][-]{subsection.15.3}{\376\377\000I\000n\000d\000i\000c\000a\000d\000o\000r\000e\000s\000\040\000d\000e\000\040\000P\000r\000o\000g\000r\000e\000s\000s\000o}{section.15}% 79
\BOOKMARK [1][-]{section.16}{\376\377\000L\000i\000s\000t\000a\000s\000\040\000d\000e\000\040\000P\000a\000l\000a\000v\000r\000a\000s\000\040\000S\000i\000m\000i\000l\000a\000r\000e\000s\000\040\000\050\000C\000o\000g\000n\000a\000t\000o\000s\000\051}{}% 80
\BOOKMARK [2][-]{subsection.16.1}{\376\377\000C\000o\000g\000n\000a\000t\000o\000s\000\040\000P\000e\000r\000f\000e\000i\000t\000o\000s\000\040\000\050\000E\000s\000c\000r\000i\000t\000a\000\040\000I\000d\000\352\000n\000t\000i\000c\000a\000\040\000o\000u\000\040\000Q\000u\000a\000s\000e\000\040\000I\000d\000\352\000n\000t\000i\000c\000a\000\051}{section.16}% 81
\BOOKMARK [2][-]{subsection.16.2}{\376\377\000P\000a\000d\000r\000\365\000e\000s\000\040\000d\000e\000\040\000C\000o\000n\000v\000e\000r\000s\000\343\000o\000\040\000M\000a\000i\000s\000\040\000C\000o\000m\000u\000n\000s}{section.16}% 82
\BOOKMARK [3][-]{subsubsection.16.2.1}{\376\377\000P\000o\000r\000t\000u\000g\000u\000\352\000s\000\040\000-\000\347\000\343\000o\000\040\000\040\000F\000r\000a\000n\000\347\000a\000i\000s\000\040\000-\000t\000i\000o\000n}{subsection.16.2}% 83
\BOOKMARK [3][-]{subsubsection.16.2.2}{\376\377\000P\000o\000r\000t\000u\000g\000u\000\352\000s\000\040\000-\000d\000a\000d\000e\000\040\000\040\000F\000r\000a\000n\000\347\000a\000i\000s\000\040\000-\000t\000\351}{subsection.16.2}% 84
\BOOKMARK [3][-]{subsubsection.16.2.3}{\376\377\000P\000o\000r\000t\000u\000g\000u\000\352\000s\000\040\000-\000v\000e\000l\000\040\000\040\000F\000r\000a\000n\000\347\000a\000i\000s\000\040\000-\000b\000l\000e}{subsection.16.2}% 85
\BOOKMARK [2][-]{subsection.16.3}{\376\377\000F\000a\000l\000s\000o\000s\000\040\000A\000m\000i\000g\000o\000s\000\040\000\050\000F\000a\000u\000x\000\040\000A\000m\000i\000s\000\051\000\040\040\024\000\040\000C\000u\000i\000d\000a\000d\000o\000!}{section.16}% 86
\BOOKMARK [1][-]{section.17}{\376\377\000R\000e\000c\000u\000r\000s\000o\000s\000\040\000R\000e\000c\000o\000m\000e\000n\000d\000a\000d\000o\000s}{}% 87
\BOOKMARK [1][-]{section.18}{\376\377\000C\000o\000n\000s\000e\000l\000h\000o\000s\000\040\000F\000i\000n\000a\000i\000s}{}% 88
